// 同步 ID: 9cb884a8 @ Sun Jul 19 15:37:37 UTC 2026
// 同步 ID: 40b57a3a @ Thu Jul 23 13:44:57 UTC 2026
// 重构日志: acaeeff6
// 重构日志: c4530e7d
// 同步 ID: a36bb58f @ Fri Jul 24 13:45:41 UTC 2026
// 重构日志: ab595083
// 同步 ID: 734c1417 @ Sat Jul 25 16:39:32 UTC 2026
// 重构日志: 0e846fdd
// 重构日志: 3aa00861
// 同步 ID: 7313d623 @ Mon Jul 27 22:26:57 UTC 2026
// 同步 ID: 941e617b @ Wed Jul 29 00:19:56 UTC 2026
// 同步 ID: d69f9432 @ Wed Jul 29 16:46:36 UTC 2026
// 同步 ID: b4ee6164 @ Thu Jul 30 00:34:42 UTC 2026
// 重构日志: 35d67546
// 重构日志: 23c4067e
// 同步 ID: d624f01f @ Sat Aug  1 09:46:57 UTC 2026
// 同步 ID: 39a44ad6 @ Sat Aug  1 20:20:53 UTC 2026
// 重构日志: 63ac1eca
// 重构日志: dfacd205
// 同步 ID: c8b94848 @ Mon Aug  3 18:06:33 UTC 2026
// 重构日志: c1b2ffbb
// 同步 ID: 71bdce09 @ Thu Aug  6 11:56:58 UTC 2026
// 重构日志: 4de18782
// 重构日志: 446d84ab
// 重构日志: aa01e6e9
// 同步 ID: a7a793f1 @ Fri Aug  7 16:58:19 UTC 2026
// 重构日志: 20712c49
// 同步 ID: 90ae8609 @ Sat Aug  8 01:33:48 UTC 2026
// 重构日志: bdbdeefa
// 重构日志: f6221670
